{
    "data": {
        "asset": {
            "responsive": [
                {
                    "ratio": 1.2142857142857142
                }
            ]
        }
    }
}
