<div class="sri__container unique-id">
<style>
.unique-id:before {
--width: 480;
--height: 270;
}
</style>
<picture>
<img src="/test/hackerman.gif" alt="hackerman.gif" width="480" height="270">
</picture>
</div>
