<div class="sri__container unique-id">
<style>
.unique-id:before {
--width: 600;
--height: 600;
}
</style>
<picture>
<img src="/test/test.svg" alt="test.svg" width="600" height="600">
</picture>
</div>
