<div class="sri__container unique-id">
<style>
.unique-id:before {
--width: 340;
--height: 340;
}
@media screen and (min-width: 1024px) {
.unique-id:before {
--width: 340;
--height: 227;
}
}
</style>
<picture>
<source type="image/webp" media="(min-width: 1024px)" srcset="/img/asset/dGVzdF9jb250YWluZXIvdGVzdDIuanBn?fm=webp&amp;q=90&amp;fit=crop-50-50&amp;w=237&amp;h=158 237w, /img/asset/dGVzdF9jb250YWluZXIvdGVzdDIuanBn?fm=webp&amp;q=90&amp;fit=crop-50-50&amp;w=284&amp;h=189 284w, /img/asset/dGVzdF9jb250YWluZXIvdGVzdDIuanBn?fm=webp&amp;q=90&amp;fit=crop-50-50&amp;w=340&amp;h=227 340w" sizes="1px">
<source type="image/jpeg" media="(min-width: 1024px)" srcset="/img/asset/dGVzdF9jb250YWluZXIvdGVzdDIuanBn?q=90&amp;fit=crop-50-50&amp;w=237&amp;h=158 237w, /img/asset/dGVzdF9jb250YWluZXIvdGVzdDIuanBn?q=90&amp;fit=crop-50-50&amp;w=284&amp;h=189 284w, /img/asset/dGVzdF9jb250YWluZXIvdGVzdDIuanBn?q=90&amp;fit=crop-50-50&amp;w=340&amp;h=227 340w" sizes="1px">
<source type="image/webp" srcset="/img/asset/dGVzdF9jb250YWluZXIvdGVzdC5qcGc=?fm=webp&amp;q=90&amp;fit=crop-50-50&amp;w=237&amp;h=237 237w, /img/asset/dGVzdF9jb250YWluZXIvdGVzdC5qcGc=?fm=webp&amp;q=90&amp;fit=crop-50-50&amp;w=284&amp;h=284 284w, /img/asset/dGVzdF9jb250YWluZXIvdGVzdC5qcGc=?fm=webp&amp;q=90&amp;fit=crop-50-50&amp;w=340&amp;h=340 340w" sizes="1px">
<source type="image/jpeg" srcset="/img/asset/dGVzdF9jb250YWluZXIvdGVzdC5qcGc=?q=90&amp;fit=crop-50-50&amp;w=237&amp;h=237 237w, /img/asset/dGVzdF9jb250YWluZXIvdGVzdC5qcGc=?q=90&amp;fit=crop-50-50&amp;w=284&amp;h=284 284w, /img/asset/dGVzdF9jb250YWluZXIvdGVzdC5qcGc=?q=90&amp;fit=crop-50-50&amp;w=340&amp;h=340 340w" sizes="1px">
<img src="/img/asset/dGVzdF9jb250YWluZXIvdGVzdC5qcGc=?w=340&amp;h=340" alt="test.jpg" width="340" height="340" data-statamic-responsive-images>
</source></source></source></source></picture>
</div>
