<div class="sri__container unique-id">
<style>
.unique-id:before {
--width: 340;
--height: 280;
}
@media screen and (min-width: 768px) {
.unique-id:before {
--width: 340;
--height: 280;
}
}
@media screen and (min-width: 1024px) {
.unique-id:before {
--width: 340;
--height: 280;
}
}
</style>
<picture>
<source type="image/jpeg" media="(min-width: 1024px)" srcset="/img/asset/dGVzdF9jb250YWluZXIvdGVzdC5qcGc=?q=70&amp;fit=crop-50-50&amp;w=237&amp;h=195 237w, /img/asset/dGVzdF9jb250YWluZXIvdGVzdC5qcGc=?q=70&amp;fit=crop-50-50&amp;w=284&amp;h=234 284w, /img/asset/dGVzdF9jb250YWluZXIvdGVzdC5qcGc=?q=70&amp;fit=crop-50-50&amp;w=340&amp;h=280 340w" sizes="1px">
<source type="image/jpeg" media="(min-width: 768px)" srcset="/img/asset/dGVzdF9jb250YWluZXIvdGVzdC5qcGc=?q=50&amp;fit=crop-50-50&amp;w=237&amp;h=195 237w, /img/asset/dGVzdF9jb250YWluZXIvdGVzdC5qcGc=?q=50&amp;fit=crop-50-50&amp;w=284&amp;h=234 284w, /img/asset/dGVzdF9jb250YWluZXIvdGVzdC5qcGc=?q=50&amp;fit=crop-50-50&amp;w=340&amp;h=280 340w" sizes="1px">
<source type="image/jpeg" srcset="/img/asset/dGVzdF9jb250YWluZXIvdGVzdC5qcGc=?q=30&amp;fit=crop-50-50&amp;w=237&amp;h=195 237w, /img/asset/dGVzdF9jb250YWluZXIvdGVzdC5qcGc=?q=30&amp;fit=crop-50-50&amp;w=284&amp;h=234 284w, /img/asset/dGVzdF9jb250YWluZXIvdGVzdC5qcGc=?q=30&amp;fit=crop-50-50&amp;w=340&amp;h=280 340w" sizes="1px">
<img src="/img/asset/dGVzdF9jb250YWluZXIvdGVzdC5qcGc=?w=340&amp;h=280" alt="test.jpg" width="340" height="280" data-statamic-responsive-images>
</source></source></source></picture>
</div>
