<script>
        window.addEventListener('load', function () {
            window.responsiveResizeObserver = new ResizeObserver((entries) => {
                entries.forEach(entry => {
                    const imgWidth = entry.target.getBoundingClientRect().width;
                    entry.target.parentNode.querySelectorAll('source').forEach((source) => {
                        source.sizes = Math.ceil(imgWidth / window.innerWidth * 100) + 'vw';
                    });
                });
            });

            document.querySelectorAll('[data-statamic-responsive-images]').forEach(responsiveImage => {
                responsiveResizeObserver.onload = null;
                responsiveResizeObserver.observe(responsiveImage);
            });
        });
    </script>

<picture>
                                <source
                type="image/webp"
                 media=""                 srcset=", /img/asset/dGVzdF9jb250YWluZXIvdGVzdC5qcGc=?w=50&amp;fm=webp&amp;q=90&amp;fit=crop-50-50&amp;h=41.176470588235 50w"
                 sizes="1px"             >
        
        <source
             media=""             srcset=", /img/asset/dGVzdF9jb250YWluZXIvdGVzdC5qcGc=?w=50&amp;q=90&amp;fit=crop-50-50&amp;h=41.176470588235 50w"
             sizes="1px"         >
    
    <img
        
        src="/img/asset/dGVzdF9jb250YWluZXIvdGVzdC5qcGc=?w=50&amp;h=41.176470588235"
                alt="test.jpg"
                 width="50"          height="41.176470588235"                 data-statamic-responsive-images
            >
</picture>
