<script>
        window.addEventListener('load', function () {
            window.responsiveResizeObserver = new ResizeObserver((entries) => {
                entries.forEach(entry => {
                    const imgWidth = entry.target.getBoundingClientRect().width;
                    entry.target.parentNode.querySelectorAll('source').forEach((source) => {
                        source.sizes = Math.ceil(imgWidth / window.innerWidth * 100) + 'vw';
                    });
                });
            });

            document.querySelectorAll('[data-statamic-responsive-images]').forEach(responsiveImage => {
                responsiveResizeObserver.onload = null;
                responsiveResizeObserver.observe(responsiveImage);
            });
        });
    </script>

<picture>
                        <source
                type="image/avif"
                 media=""                 srcset=", /img/asset/dGVzdF9jb250YWluZXIvdGVzdC5qcGc=?fm=avif&amp;q=45&amp;fit=crop-50-50&amp;w=237&amp;h=195.17647058824 237w, /img/asset/dGVzdF9jb250YWluZXIvdGVzdC5qcGc=?fm=avif&amp;q=45&amp;fit=crop-50-50&amp;w=284&amp;h=233.88235294118 284w, /img/asset/dGVzdF9jb250YWluZXIvdGVzdC5qcGc=?fm=avif&amp;q=45&amp;fit=crop-50-50&amp;w=340&amp;h=280 340w"
                 sizes="1px"             >
                            <source
                type="image/webp"
                 media=""                 srcset=", /img/asset/dGVzdF9jb250YWluZXIvdGVzdC5qcGc=?fm=webp&amp;q=90&amp;fit=crop-50-50&amp;w=237&amp;h=195.17647058824 237w, /img/asset/dGVzdF9jb250YWluZXIvdGVzdC5qcGc=?fm=webp&amp;q=90&amp;fit=crop-50-50&amp;w=284&amp;h=233.88235294118 284w, /img/asset/dGVzdF9jb250YWluZXIvdGVzdC5qcGc=?fm=webp&amp;q=90&amp;fit=crop-50-50&amp;w=340&amp;h=280 340w"
                 sizes="1px"             >
        
        <source
             media=""             srcset=", /img/asset/dGVzdF9jb250YWluZXIvdGVzdC5qcGc=?q=90&amp;fit=crop-50-50&amp;w=237&amp;h=195.17647058824 237w, /img/asset/dGVzdF9jb250YWluZXIvdGVzdC5qcGc=?q=90&amp;fit=crop-50-50&amp;w=284&amp;h=233.88235294118 284w, /img/asset/dGVzdF9jb250YWluZXIvdGVzdC5qcGc=?q=90&amp;fit=crop-50-50&amp;w=340&amp;h=280 340w"
             sizes="1px"         >
    
    <img
        
        src="/test/test.jpg"
                alt="test.jpg"
                 width="340"          height="280"                 data-statamic-responsive-images
            >
</picture>
